// Vitest Snapshot v1

exports[`normalize > normalize 1`] = `
{
  "Agent": {},
  "Annotation": {
    "https://example.org/iiif/book1/annotation/p0001-image": {
      "body": [
        {
          "id": "http://iiif.io/api/presentation/2.1/example/fixtures/resources/page1-full.png",
          "type": "ContentResource",
        },
      ],
      "id": "https://example.org/iiif/book1/annotation/p0001-image",
      "iiif-parser:hasPart": [
        {
          "id": "https://example.org/iiif/book1/annotation/p0001-image",
          "iiif-parser:partOf": "https://example.org/iiif/book1/page/p1/1",
          "type": "Annotation",
        },
      ],
      "motivation": [
        "painting",
      ],
      "target": {
        "source": {
          "id": "https://example.org/iiif/book1/canvas/p1",
          "type": "Canvas",
        },
        "type": "SpecificResource",
      },
      "type": "Annotation",
    },
  },
  "AnnotationCollection": {},
  "AnnotationPage": {
    "https://example.org/iiif/book1/page/p1/1": {
      "behavior": [],
      "homepage": [],
      "id": "https://example.org/iiif/book1/page/p1/1",
      "iiif-parser:hasPart": [
        {
          "id": "https://example.org/iiif/book1/page/p1/1",
          "iiif-parser:partOf": "https://example.org/iiif/book1/canvas/p1",
          "type": "AnnotationPage",
        },
      ],
      "items": [
        {
          "id": "https://example.org/iiif/book1/annotation/p0001-image",
          "type": "Annotation",
        },
      ],
      "label": null,
      "metadata": [],
      "provider": [],
      "rendering": [],
      "requiredStatement": null,
      "rights": null,
      "seeAlso": [],
      "service": [],
      "summary": null,
      "thumbnail": [],
      "type": "AnnotationPage",
    },
  },
  "Canvas": {
    "https://example.org/iiif/book1/canvas/p1": {
      "accompanyingCanvas": null,
      "annotations": [],
      "behavior": [],
      "duration": 0,
      "height": 1800,
      "homepage": [],
      "id": "https://example.org/iiif/book1/canvas/p1",
      "items": [
        {
          "id": "https://example.org/iiif/book1/page/p1/1",
          "type": "AnnotationPage",
        },
      ],
      "label": null,
      "metadata": [],
      "navDate": null,
      "partOf": [],
      "placeholderCanvas": null,
      "provider": [],
      "rendering": [],
      "requiredStatement": null,
      "rights": null,
      "seeAlso": [],
      "service": [],
      "summary": null,
      "thumbnail": [],
      "type": "Canvas",
      "width": 1200,
    },
  },
  "Collection": {},
  "ContentResource": {
    "http://iiif.io/api/presentation/2.1/example/fixtures/resources/page1-full.png": {
      "format": "image/png",
      "height": 1800,
      "id": "http://iiif.io/api/presentation/2.1/example/fixtures/resources/page1-full.png",
      "iiif-parser:hasPart": [
        {
          "id": "http://iiif.io/api/presentation/2.1/example/fixtures/resources/page1-full.png",
          "iiif-parser:partOf": "https://example.org/iiif/book1/annotation/p0001-image",
          "type": "Image",
        },
      ],
      "type": "Image",
      "width": 1200,
    },
    "http://myhomepage.com": {
      "id": "http://myhomepage.com",
      "iiif-parser:hasPart": [
        {
          "id": "http://myhomepage.com",
          "iiif-parser:partOf": "https://example.org/iiif/book1/manifest",
          "type": "ContentResource",
        },
      ],
      "type": "ContentResource",
    },
  },
  "Manifest": {
    "https://example.org/iiif/book1/manifest": {
      "@context": [
        "http://www.w3.org/ns/anno.jsonld",
        "http://iiif.io/api/presentation/{{ page.major }}/context.json",
      ],
      "accompanyingCanvas": null,
      "annotations": [],
      "behavior": [],
      "homepage": [
        {
          "id": "http://myhomepage.com",
          "type": "ContentResource",
        },
      ],
      "id": "https://example.org/iiif/book1/manifest",
      "iiif-parser:hasPart": [
        {
          "id": "https://example.org/iiif/book1/manifest",
          "iiif-parser:partOf": "https://example.org/iiif/book1/manifest",
          "type": "Manifest",
        },
      ],
      "items": [
        {
          "id": "https://example.org/iiif/book1/canvas/p1",
          "type": "Canvas",
        },
      ],
      "label": {
        "en": [
          "Image 1",
        ],
      },
      "metadata": [],
      "navDate": null,
      "partOf": [],
      "placeholderCanvas": null,
      "provider": [],
      "rendering": [],
      "requiredStatement": null,
      "rights": null,
      "seeAlso": [],
      "service": [],
      "services": [],
      "start": null,
      "structures": [],
      "summary": null,
      "thumbnail": [],
      "type": "Manifest",
      "viewingDirection": "left-to-right",
    },
  },
  "Range": {},
  "Selector": {},
  "Service": {},
}
`;

exports[`normalize > normalize full example from specification 1`] = `
{
  "Agent": {
    "https://example.org/about": {
      "homepage": [
        {
          "id": "https://example.org/",
          "type": "ContentResource",
        },
      ],
      "id": "https://example.org/about",
      "iiif-parser:hasPart": [
        {
          "id": "https://example.org/about",
          "iiif-parser:partOf": "https://example.org/iiif/book1/manifest",
          "type": "Agent",
        },
      ],
      "label": {
        "en": [
          "Example Organization",
        ],
      },
      "logo": [
        {
          "id": "https://example.org/service/inst1/full/max/0/default.png",
          "type": "ContentResource",
        },
      ],
      "seeAlso": [
        {
          "id": "https://data.example.org/about/us.jsonld",
          "type": "ContentResource",
        },
      ],
      "type": "Agent",
    },
  },
  "Annotation": {},
  "AnnotationCollection": {},
  "AnnotationPage": {
    "https://example.org/iiif/book1/annotations/p1": {
      "behavior": [],
      "homepage": [],
      "id": "https://example.org/iiif/book1/annotations/p1",
      "iiif-parser:hasPart": [
        {
          "id": "https://example.org/iiif/book1/annotations/p1",
          "iiif-parser:partOf": "https://example.org/iiif/book1/manifest",
          "type": "AnnotationPage",
        },
      ],
      "items": [],
      "label": null,
      "metadata": [],
      "provider": [],
      "rendering": [],
      "requiredStatement": null,
      "rights": null,
      "seeAlso": [],
      "service": [],
      "summary": null,
      "thumbnail": [],
      "type": "AnnotationPage",
    },
  },
  "Canvas": {
    "https://example.org/iiif/book1/canvas/p1": {
      "accompanyingCanvas": null,
      "annotations": [],
      "behavior": [],
      "duration": 0,
      "height": 0,
      "homepage": [],
      "id": "https://example.org/iiif/book1/canvas/p1",
      "items": [],
      "label": {
        "none": [
          "p. 1",
        ],
      },
      "metadata": [],
      "navDate": null,
      "partOf": [],
      "placeholderCanvas": null,
      "provider": [],
      "rendering": [],
      "requiredStatement": null,
      "rights": null,
      "seeAlso": [],
      "service": [],
      "summary": null,
      "thumbnail": [],
      "type": "Canvas",
      "width": 0,
    },
    "https://example.org/iiif/book1/canvas/p2": {
      "accompanyingCanvas": null,
      "annotations": [],
      "behavior": [],
      "duration": 0,
      "height": 0,
      "homepage": [],
      "id": "https://example.org/iiif/book1/canvas/p2",
      "iiif-parser:hasPart": [
        {
          "id": "https://example.org/iiif/book1/canvas/p2",
          "iiif-parser:partOf": "https://example.org/iiif/book1/manifest",
          "type": "Canvas",
        },
      ],
      "items": [],
      "label": null,
      "metadata": [],
      "navDate": null,
      "partOf": [],
      "placeholderCanvas": null,
      "provider": [],
      "rendering": [],
      "requiredStatement": null,
      "rights": null,
      "seeAlso": [],
      "service": [],
      "summary": null,
      "thumbnail": [],
      "type": "Canvas",
      "width": 0,
    },
  },
  "Collection": {
    "https://example.org/collections/books/": {
      "accompanyingCanvas": null,
      "annotations": [],
      "behavior": [],
      "homepage": [],
      "id": "https://example.org/collections/books/",
      "iiif-parser:hasPart": [
        {
          "id": "https://example.org/collections/books/",
          "iiif-parser:partOf": "https://example.org/iiif/book1/manifest",
          "type": "Collection",
        },
      ],
      "iiif-parser:isExternal": true,
      "items": [],
      "label": null,
      "metadata": [],
      "navDate": null,
      "partOf": [],
      "placeholderCanvas": null,
      "provider": [],
      "rendering": [],
      "requiredStatement": null,
      "rights": null,
      "seeAlso": [],
      "service": [],
      "services": [],
      "summary": null,
      "thumbnail": [],
      "type": "Collection",
      "viewingDirection": "left-to-right",
    },
  },
  "ContentResource": {
    "https://data.example.org/about/us.jsonld": {
      "format": "application/ld+json",
      "id": "https://data.example.org/about/us.jsonld",
      "iiif-parser:hasPart": [
        {
          "id": "https://data.example.org/about/us.jsonld",
          "iiif-parser:partOf": "https://example.org/about",
          "type": "Dataset",
        },
      ],
      "profile": "https://schema.org/",
      "type": "Dataset",
    },
    "https://example.org/": {
      "format": "text/html",
      "id": "https://example.org/",
      "iiif-parser:hasPart": [
        {
          "id": "https://example.org/",
          "iiif-parser:partOf": "https://example.org/about",
          "type": "Text",
        },
      ],
      "label": {
        "en": [
          "Example Organization Homepage",
        ],
      },
      "type": "Text",
    },
    "https://example.org/iiif/book1.pdf": {
      "format": "application/pdf",
      "id": "https://example.org/iiif/book1.pdf",
      "iiif-parser:hasPart": [
        {
          "id": "https://example.org/iiif/book1.pdf",
          "iiif-parser:partOf": "https://example.org/iiif/book1/manifest",
          "type": "Text",
        },
      ],
      "label": {
        "en": [
          "Download as PDF",
        ],
      },
      "type": "Text",
    },
    "https://example.org/iiif/book1/page1/full/80,100/0/default.jpg": {
      "format": "image/jpeg",
      "id": "https://example.org/iiif/book1/page1/full/80,100/0/default.jpg",
      "iiif-parser:hasPart": [
        {
          "id": "https://example.org/iiif/book1/page1/full/80,100/0/default.jpg",
          "iiif-parser:partOf": "https://example.org/iiif/book1/manifest",
          "type": "Image",
        },
      ],
      "service": [
        {
          "id": "https://example.org/iiif/book1/page1",
          "profile": "level1",
          "type": "ImageService3",
        },
      ],
      "type": "Image",
    },
    "https://example.org/info/book1/": {
      "format": "text/html",
      "id": "https://example.org/info/book1/",
      "iiif-parser:hasPart": [
        {
          "id": "https://example.org/info/book1/",
          "iiif-parser:partOf": "https://example.org/iiif/book1/manifest",
          "type": "Text",
        },
      ],
      "label": {
        "en": [
          "Home page for Book 1",
        ],
      },
      "type": "Text",
    },
    "https://example.org/library/catalog/book1.xml": {
      "format": "text/xml",
      "id": "https://example.org/library/catalog/book1.xml",
      "iiif-parser:hasPart": [
        {
          "id": "https://example.org/library/catalog/book1.xml",
          "iiif-parser:partOf": "https://example.org/iiif/book1/manifest",
          "type": "Dataset",
        },
      ],
      "profile": "https://example.org/profiles/bibliographic",
      "type": "Dataset",
    },
    "https://example.org/service/inst1/full/max/0/default.png": {
      "format": "image/png",
      "id": "https://example.org/service/inst1/full/max/0/default.png",
      "iiif-parser:hasPart": [
        {
          "id": "https://example.org/service/inst1/full/max/0/default.png",
          "iiif-parser:partOf": "https://example.org/about",
          "type": "Image",
        },
      ],
      "service": [
        {
          "id": "https://example.org/service/inst1",
          "profile": "level2",
          "type": "ImageService3",
        },
      ],
      "type": "Image",
    },
  },
  "Manifest": {
    "https://example.org/iiif/book1/manifest": {
      "@context": "http://iiif.io/api/presentation/3/context.json",
      "accompanyingCanvas": null,
      "annotations": [
        {
          "id": "https://example.org/iiif/book1/annotations/p1",
          "type": "AnnotationPage",
        },
      ],
      "behavior": [
        "paged",
      ],
      "homepage": [
        {
          "id": "https://example.org/info/book1/",
          "type": "ContentResource",
        },
      ],
      "id": "https://example.org/iiif/book1/manifest",
      "iiif-parser:hasPart": [
        {
          "id": "https://example.org/iiif/book1/manifest",
          "iiif-parser:partOf": "https://example.org/iiif/book1/manifest",
          "type": "Manifest",
        },
      ],
      "items": [
        {
          "id": "https://example.org/iiif/book1/canvas/p1",
          "type": "Canvas",
        },
      ],
      "label": {
        "en": [
          "Book 1",
        ],
      },
      "metadata": [
        {
          "label": {
            "en": [
              "Author",
            ],
          },
          "value": {
            "none": [
              "Anne Author",
            ],
          },
        },
        {
          "label": {
            "en": [
              "Published",
            ],
          },
          "value": {
            "en": [
              "Paris, circa 1400",
            ],
            "fr": [
              "Paris, environ 1400",
            ],
          },
        },
        {
          "label": {
            "en": [
              "Notes",
            ],
          },
          "value": {
            "en": [
              "Text of note 1",
              "Text of note 2",
            ],
          },
        },
        {
          "label": {
            "en": [
              "Source",
            ],
          },
          "value": {
            "none": [
              "<span>From: <a href=\\"https://example.org/db/1.html\\">Some Collection</a></span>",
            ],
          },
        },
      ],
      "navDate": "1856-01-01T00:00:00Z",
      "partOf": [
        {
          "id": "https://example.org/collections/books/",
          "type": "Collection",
        },
      ],
      "placeholderCanvas": null,
      "provider": [
        {
          "id": "https://example.org/about",
          "type": "Agent",
        },
      ],
      "rendering": [
        {
          "id": "https://example.org/iiif/book1.pdf",
          "type": "ContentResource",
        },
      ],
      "requiredStatement": {
        "label": {
          "en": [
            "Attribution",
          ],
        },
        "value": {
          "en": [
            "Provided by Example Organization",
          ],
        },
      },
      "rights": "http://creativecommons.org/licenses/by/4.0/",
      "seeAlso": [
        {
          "id": "https://example.org/library/catalog/book1.xml",
          "type": "ContentResource",
        },
      ],
      "service": [
        {
          "id": "https://example.org/service/example",
          "profile": "https://example.org/docs/example-service.html",
          "type": "ExampleExtensionService",
        },
      ],
      "services": [
        {
          "@id": "https://example.org/iiif/auth/login",
          "@type": "AuthCookieService1",
          "label": "Login to Example Institution",
          "profile": "http://iiif.io/api/auth/1/login",
          "service": [
            {
              "@id": "https://example.org/iiif/auth/token",
              "@type": "AuthTokenService1",
              "profile": "http://iiif.io/api/auth/1/token",
            },
          ],
        },
      ],
      "start": {
        "selector": undefined,
        "source": {
          "id": "https://example.org/iiif/book1/canvas/p2",
          "type": "Canvas",
        },
        "type": "SpecificResource",
      },
      "structures": [
        {
          "id": "https://example.org/iiif/book1/range/top",
          "type": "Range",
        },
      ],
      "summary": {
        "en": [
          "Book 1, written by Anne Author, published in Paris around 1400.",
        ],
      },
      "thumbnail": [
        {
          "id": "https://example.org/iiif/book1/page1/full/80,100/0/default.jpg",
          "type": "ContentResource",
        },
      ],
      "type": "Manifest",
      "viewingDirection": "right-to-left",
    },
  },
  "Range": {
    "https://example.org/iiif/book1/range/top": {
      "accompanyingCanvas": null,
      "annotations": [],
      "behavior": [],
      "homepage": [],
      "id": "https://example.org/iiif/book1/range/top",
      "items": [],
      "label": null,
      "metadata": [],
      "navDate": null,
      "partOf": [],
      "placeholderCanvas": null,
      "provider": [],
      "rendering": [],
      "requiredStatement": null,
      "rights": null,
      "seeAlso": [],
      "service": [],
      "start": null,
      "summary": null,
      "supplementary": null,
      "thumbnail": [],
      "type": "Range",
      "viewingDirection": "left-to-right",
    },
  },
  "Selector": {},
  "Service": {
    "https://example.org/iiif/auth/login": {
      "@id": "https://example.org/iiif/auth/login",
      "@type": "AuthCookieService1",
      "id": "https://example.org/iiif/auth/login",
      "label": "Login to Example Institution",
      "profile": "http://iiif.io/api/auth/1/login",
      "service": [
        {
          "id": "https://example.org/iiif/auth/token",
          "type": "AuthTokenService1",
        },
      ],
      "type": "AuthCookieService1",
    },
    "https://example.org/iiif/auth/token": {
      "@id": "https://example.org/iiif/auth/token",
      "@type": "AuthTokenService1",
      "id": "https://example.org/iiif/auth/token",
      "profile": "http://iiif.io/api/auth/1/token",
      "type": "AuthTokenService1",
    },
    "https://example.org/service/example": {
      "id": "https://example.org/service/example",
      "profile": "https://example.org/docs/example-service.html",
      "type": "ExampleExtensionService",
    },
  },
}
`;
